2026-07-25T15:30:48.043288Z 0 [System] [MY-015017] [Server] MySQL Server Initialization - start.
2026-07-25T15:30:48.049130Z 0 [System] [MY-013169] [Server] C:\Program Files\MySQL\MySQL Server 8.4\bin\mysqld.exe (mysqld 8.4.9) initializing of server in progress as process 23012
2026-07-25T15:30:48.185549Z 1 [System] [MY-013576] [InnoDB] InnoDB initialization has started.
2026-07-25T15:30:48.841068Z 1 [System] [MY-013577] [InnoDB] InnoDB initialization has ended.
2026-07-25T15:30:50.259554Z 6 [Warning] [MY-010453] [Server] root@localhost is created with an empty password ! Please consider switching off the --initialize-insecure option.
2026-07-25T15:30:52.491939Z 0 [System] [MY-015018] [Server] MySQL Server Initialization - end.
2026-07-25T15:34:22.557382Z 0 [System] [MY-015015] [Server] MySQL Server - start.
2026-07-25T15:34:22.681854Z 0 [System] [MY-010116] [Server] C:\Program Files\MySQL\MySQL Server 8.4\bin\mysqld.exe (mysqld 8.4.9) starting as process 28076
2026-07-25T15:34:22.769703Z 1 [System] [MY-013576] [InnoDB] InnoDB initialization has started.
2026-07-25T15:34:23.823109Z 1 [System] [MY-013577] [InnoDB] InnoDB initialization has ended.
2026-07-25T15:34:24.048116Z 0 [Warning] [MY-010068] [Server] CA certificate ca.pem is self signed.
2026-07-25T15:34:24.048467Z 0 [System] [MY-013602] [Server] Channel mysql_main configured to support TLS. Encrypted connections are now supported for this channel.
2026-07-25T15:34:24.078636Z 0 [System] [MY-010931] [Server] C:\Program Files\MySQL\MySQL Server 8.4\bin\mysqld.exe: ready for connections. Version: '8.4.9'  socket: ''  port: 3306  MySQL Community Server - GPL.
2026-07-25T15:36:53.050668Z 0 [System] [MY-015015] [Server] MySQL Server - start.
2026-07-25T15:36:53.199855Z 0 [System] [MY-010116] [Server] C:\Program Files\MySQL\MySQL Server 8.4\bin\mysqld.exe (mysqld 8.4.9) starting as process 28452
2026-07-25T15:36:53.286808Z 1 [System] [MY-013576] [InnoDB] InnoDB initialization has started.
2026-07-25T15:36:54.643950Z 1 [System] [MY-013577] [InnoDB] InnoDB initialization has ended.
2026-07-25T15:36:54.845692Z 0 [Warning] [MY-010068] [Server] CA certificate ca.pem is self signed.
2026-07-25T15:36:54.846038Z 0 [System] [MY-013602] [Server] Channel mysql_main configured to support TLS. Encrypted connections are now supported for this channel.
2026-07-25T15:36:54.866945Z 0 [System] [MY-010931] [Server] C:\Program Files\MySQL\MySQL Server 8.4\bin\mysqld.exe: ready for connections. Version: '8.4.9'  socket: ''  port: 3306  MySQL Community Server - GPL.
2026-07-25T15:38:53.839389Z 0 [System] [MY-015015] [Server] MySQL Server - start.
2026-07-25T15:38:53.997605Z 0 [System] [MY-010116] [Server] C:\Program Files\MySQL\MySQL Server 8.4\bin\mysqld.exe (mysqld 8.4.9) starting as process 21664
2026-07-25T15:38:54.088787Z 1 [System] [MY-013576] [InnoDB] InnoDB initialization has started.
2026-07-25T15:38:55.532420Z 1 [System] [MY-013577] [InnoDB] InnoDB initialization has ended.
2026-07-25T15:38:55.743852Z 0 [Warning] [MY-010068] [Server] CA certificate ca.pem is self signed.
2026-07-25T15:38:55.744188Z 0 [System] [MY-013602] [Server] Channel mysql_main configured to support TLS. Encrypted connections are now supported for this channel.
2026-07-25T15:38:55.763888Z 0 [System] [MY-010931] [Server] C:\Program Files\MySQL\MySQL Server 8.4\bin\mysqld.exe: ready for connections. Version: '8.4.9'  socket: ''  port: 3306  MySQL Community Server - GPL.
2026-07-25T15:42:29.191648Z 0 [System] [MY-015015] [Server] MySQL Server - start.
2026-07-25T15:42:29.357338Z 0 [System] [MY-010116] [Server] C:\Program Files\MySQL\MySQL Server 8.4\bin\mysqld.exe (mysqld 8.4.9) starting as process 20408
2026-07-25T15:42:29.357485Z 0 [ERROR] [MY-010338] [Server] Can't find error-message file 'C:\Program\share\english\errmsg.sys'. Check error-message file location and 'lc-messages-dir' configuration directive.
2026-07-25T15:42:29.493325Z 0 [Warning] [MY-000081] [Server] option 'innodb-redo-log-capacity': unsigned value 0 adjusted to 8388608.
2026-07-25T15:42:29.498102Z 1 [System] [MY-013576] [InnoDB] InnoDB initialization has started.
2026-07-25T15:42:31.222557Z 1 [System] [MY-013577] [InnoDB] InnoDB initialization has ended.
2026-07-25T15:42:31.450714Z 0 [Warning] [MY-013829] [Server] Missing data directory for ICU regular expressions: C:\Program\lib\private\.
2026-07-25T15:42:31.458565Z 0 [Warning] [MY-010068] [Server] CA certificate ca.pem is self signed.
2026-07-25T15:42:31.458916Z 0 [System] [MY-013602] [Server] Channel mysql_main configured to support TLS. Encrypted connections are now supported for this channel.
2026-07-25T15:42:31.465100Z 0 [ERROR] [MY-010147] [Server] Too many arguments (first extra is 'Files\MySQL\MySQL').
2026-07-25T15:42:31.493659Z 0 [ERROR] [MY-010119] [Server] Aborting
2026-07-25T15:42:32.893436Z 0 [System] [MY-010910] [Server] C:\Program Files\MySQL\MySQL Server 8.4\bin\mysqld.exe: Shutdown complete (mysqld 8.4.9)  MySQL Community Server - GPL.
2026-07-25T15:42:32.893982Z 0 [System] [MY-015016] [Server] MySQL Server - end.
2026-07-25T15:43:12.795569Z 0 [System] [MY-015015] [Server] MySQL Server - start.
2026-07-25T15:43:13.002414Z 0 [System] [MY-010116] [Server] C:\Program Files\MySQL\MySQL Server 8.4\bin\mysqld.exe (mysqld 8.4.9) starting as process 18872
2026-07-25T15:43:13.097177Z 0 [Warning] [MY-000081] [Server] option 'innodb-redo-log-capacity': unsigned value 0 adjusted to 8388608.
2026-07-25T15:43:13.100367Z 1 [System] [MY-013576] [InnoDB] InnoDB initialization has started.
2026-07-25T15:43:14.351996Z 1 [System] [MY-013577] [InnoDB] InnoDB initialization has ended.
2026-07-25T15:43:14.589325Z 0 [Warning] [MY-010068] [Server] CA certificate ca.pem is self signed.
2026-07-25T15:43:14.589666Z 0 [System] [MY-013602] [Server] Channel mysql_main configured to support TLS. Encrypted connections are now supported for this channel.
2026-07-25T15:43:14.611239Z 0 [System] [MY-010931] [Server] C:\Program Files\MySQL\MySQL Server 8.4\bin\mysqld.exe: ready for connections. Version: '8.4.9'  socket: ''  port: 3306  MySQL Community Server - GPL.
2026-07-25T15:43:48.403105Z 0 [System] [MY-015015] [Server] MySQL Server - start.
2026-07-25T15:43:48.610076Z 0 [System] [MY-010116] [Server] C:\Program Files\MySQL\MySQL Server 8.4\bin\mysqld.exe (mysqld 8.4.9) starting as process 28624
2026-07-25T15:43:48.727752Z 0 [Warning] [MY-000081] [Server] option 'innodb-redo-log-capacity': unsigned value 0 adjusted to 8388608.
2026-07-25T15:43:48.731142Z 1 [System] [MY-013576] [InnoDB] InnoDB initialization has started.
2026-07-25T15:43:48.747733Z 1 [ERROR] [MY-012271] [InnoDB] The innodb_system data file 'ibdata1' must be writable
2026-07-25T15:43:48.748092Z 1 [ERROR] [MY-012278] [InnoDB] The innodb_system data file 'ibdata1' must be writable
2026-07-25T15:43:48.748433Z 1 [ERROR] [MY-010334] [Server] Failed to initialize DD Storage Engine
2026-07-25T15:43:48.749089Z 0 [ERROR] [MY-010020] [Server] Data Dictionary initialization failed.
2026-07-25T15:43:48.749394Z 0 [ERROR] [MY-010119] [Server] Aborting
2026-07-25T15:43:48.750938Z 0 [System] [MY-010910] [Server] C:\Program Files\MySQL\MySQL Server 8.4\bin\mysqld.exe: Shutdown complete (mysqld 8.4.9)  MySQL Community Server - GPL.
2026-07-25T15:43:48.751468Z 0 [System] [MY-015016] [Server] MySQL Server - end.
2026-07-25T15:45:05.424321Z 0 [System] [MY-015015] [Server] MySQL Server - start.
2026-07-25T15:45:05.553687Z 0 [System] [MY-010116] [Server] C:\Program Files\MySQL\MySQL Server 8.4\bin\mysqld.exe (mysqld 8.4.9) starting as process 5216
2026-07-25T15:45:05.639341Z 0 [Warning] [MY-000081] [Server] option 'innodb-redo-log-capacity': unsigned value 0 adjusted to 8388608.
2026-07-25T15:45:05.642525Z 1 [System] [MY-013576] [InnoDB] InnoDB initialization has started.
2026-07-25T15:45:07.091829Z 1 [System] [MY-013577] [InnoDB] InnoDB initialization has ended.
2026-07-25T15:45:07.302270Z 0 [Warning] [MY-010068] [Server] CA certificate ca.pem is self signed.
2026-07-25T15:45:07.302605Z 0 [System] [MY-013602] [Server] Channel mysql_main configured to support TLS. Encrypted connections are now supported for this channel.
2026-07-25T15:45:07.323022Z 0 [System] [MY-010931] [Server] C:\Program Files\MySQL\MySQL Server 8.4\bin\mysqld.exe: ready for connections. Version: '8.4.9'  socket: ''  port: 3306  MySQL Community Server - GPL.
2026-07-25T17:29:34.120154Z 0 [System] [MY-015015] [Server] MySQL Server - start.
2026-07-25T17:29:34.277181Z 0 [System] [MY-010116] [Server] C:\Program Files\MySQL\MySQL Server 8.4\bin\mysqld.exe (mysqld 8.4.9) starting as process 15232
2026-07-25T17:29:34.328992Z 0 [Warning] [MY-000081] [Server] option 'innodb-redo-log-capacity': unsigned value 0 adjusted to 8388608.
2026-07-25T17:29:34.338513Z 1 [System] [MY-013576] [InnoDB] InnoDB initialization has started.
2026-07-25T17:29:35.158317Z 1 [System] [MY-013577] [InnoDB] InnoDB initialization has ended.
2026-07-25T17:29:35.433237Z 0 [Warning] [MY-010068] [Server] CA certificate ca.pem is self signed.
2026-07-25T17:29:35.433580Z 0 [System] [MY-013602] [Server] Channel mysql_main configured to support TLS. Encrypted connections are now supported for this channel.
2026-07-25T17:29:35.463331Z 0 [System] [MY-010931] [Server] C:\Program Files\MySQL\MySQL Server 8.4\bin\mysqld.exe: ready for connections. Version: '8.4.9'  socket: ''  port: 3306  MySQL Community Server - GPL.
